in_source: |-
  (loop
    do
    (print (read)))
in_stdin: |-
  foo
null_terminated_in: 0
char_io: 1
out_code_hex: |-
  0     - 3FFF00002328 - MOV R15, 9000
  6     - 3FDD00000BB8 - MOV R13, 3000
  12    - 0FFF00000004 - SUB R15, 4
  18    - C1EF0000     - STORE R14, [R15 + 0]
  22    - 0FFF00000004 - SUB R15, 4
  28    - C1EF0000     - STORE R14, [R15 + 0]
  32    - 3F2200000000 - MOV R2, 0
  38    - 43EE000001B2 - CALL R14, 434
  44    - 3DEF0000     - MOV R14, [R15 + 0]
  48    - 07FF00000004 - ADD R15, 4
  54    - 3C30         - MOV R3, R0
  56    - 0FFF00000004 - SUB R15, 4
  62    - C13F0000     - STORE R3, [R15 + 0]
  66    - 3F2200000001 - MOV R2, 1
  72    - 43EE00000064 - CALL R14, 100
  78    - 07FF00000004 - ADD R15, 4
  84    - 3DEF0000     - MOV R14, [R15 + 0]
  88    - 07FF00000004 - ADD R15, 4
  94    - 7200FFAE     - JMP PC + -82
  98    - 0000         - HALT R0, R0
  100   - 3D3F0000     - MOV R3, [R15 + 0]
  104   - 3B1100000000 - CMP R1, 0
  110   - 4E33000E     - BNE PC + 14
  114   - 773300010000 - STORE_IMM R3, 65536
  120   - 72330022     - JMP PC + 34
  124   - 3D230000     - MOV R2, [R3 + 0]
  128   - 3B2200000000 - CMP R2, 0
  134   - 4A330014     - BE PC + 20
  138   - 772200010000 - STORE_IMM R2, 65536
  144   - 073300000004 - ADD R3, 4
  150   - 7233FFE6     - JMP PC + -26
  154   - 44EE         - RET R14, R14
  156   - 3C0D         - MOV R0, R13
  158   - 3D3F0000     - MOV R3, [R15 + 0]
  162   - 3D230000     - MOV R2, [R3 + 0]
  166   - 3B2200000000 - CMP R2, 0
  172   - 4A330018     - BE PC + 24
  176   - C12D0000     - STORE R2, [R13 + 0]
  180   - 073300000004 - ADD R3, 4
  186   - 07DD00000004 - ADD R13, 4
  192   - 7233FFE2     - JMP PC + -30
  196   - 3D3F0004     - MOV R3, [R15 + 4]
  200   - 3D230000     - MOV R2, [R3 + 0]
  204   - 3B2200000000 - CMP R2, 0
  210   - 4A330018     - BE PC + 24
  214   - C12D0000     - STORE R2, [R13 + 0]
  218   - 073300000004 - ADD R3, 4
  224   - 07DD00000004 - ADD R13, 4
  230   - 7233FFE2     - JMP PC + -30
  234   - C12D0000     - STORE R2, [R13 + 0]
  238   - 07DD00000004 - ADD R13, 4
  244   - 44EE         - RET R14, R14
  246   - 3C0D         - MOV R0, R13
  248   - 3C42         - MOV R4, R2
  250   - 3C3F         - MOV R3, R15
  252   - 3B4400000000 - CMP R4, 0
  258   - 4A440026     - BE PC + 38
  262   - 3D530000     - MOV R5, [R3 + 0]
  266   - C15D0000     - STORE R5, [R13 + 0]
  270   - 07DD00000008 - ADD R13, 8
  276   - C1DDFFFC     - STORE R13, [R13 + -4]
  280   - 073300000004 - ADD R3, 4
  286   - 0F4400000001 - SUB R4, 1
  292   - 7244FFD8     - JMP PC + -40
  296   - 3F5500000000 - MOV R5, 0
  302   - C15DFFFC     - STORE R5, [R13 + -4]
  306   - 44EE         - RET R14, R14
  308   - 3D0F0000     - MOV R0, [R15 + 0]
  312   - 3D000000     - MOV R0, [R0 + 0]
  316   - 3F1100000000 - MOV R1, 0
  322   - 44EE         - RET R14, R14
  324   - 3D0F0000     - MOV R0, [R15 + 0]
  328   - 3D000004     - MOV R0, [R0 + 4]
  332   - 44EE         - RET R14, R14
  334   - 3D0F0000     - MOV R0, [R15 + 0]
  338   - 3B0000000000 - CMP R0, 0
  344   - 3F0000000000 - MOV R0, 0
  350   - 4E00000A     - BNE PC + 10
  354   - 3F0000000001 - MOV R0, 1
  360   - 44EE         - RET R14, R14
  362   - 3D2F0000     - MOV R2, [R15 + 0]
  366   - 3D3F0004     - MOV R3, [R15 + 4]
  370   - C12D0000     - STORE R2, [R13 + 0]
  374   - C13D0004     - STORE R3, [R13 + 4]
  378   - 3C0D         - MOV R0, R13
  380   - 07DD00000008 - ADD R13, 8
  386   - 44EE         - RET R14, R14
  388   - 3F1100000000 - MOV R1, 0
  394   - 3D2F0000     - MOV R2, [R15 + 0]
  398   - 3B2200000000 - CMP R2, 0
  404   - 4A000014     - BE PC + 20
  408   - 3D320004     - MOV R3, [R2 + 4]
  412   - C1120004     - STORE R1, [R2 + 4]
  416   - 3C12         - MOV R1, R2
  418   - 3C23         - MOV R2, R3
  420   - 7200FFEA     - JMP PC + -22
  424   - 3C01         - MOV R0, R1
  426   - 3F1100000000 - MOV R1, 0
  432   - 44EE         - RET R14, R14
  434   - 3F2200009996 - MOV R2, 39318
  440   - 3D020000     - MOV R0, [R2 + 0]
  444   - 3F1100000000 - MOV R1, 0
  450   - 44EE         - RET R14, R14
  452   - 3C0D         - MOV R0, R13
  454   - 3F2200009996 - MOV R2, 39318
  460   - 3D320000     - MOV R3, [R2 + 0]
  464   - C13D0000     - STORE R3, [R13 + 0]
  468   - 07DD00000004 - ADD R13, 4
  474   - 3B3300000000 - CMP R3, 0
  480   - 4A330008     - BE PC + 8
  484   - 7233FFE8     - JMP PC + -24
  488   - 3F1100000001 - MOV R1, 1
  494   - 44EE         - RET R14, R14
out_stdout: |
  instructions: 113
  ============================================================
  foo
  ticks: 414
