in_source: |-
  (defun is-palindrom (num)
    (let ((reversed-num 0)
          (original num))
      (loop while (!= num 0)
            do
            (setq reversed-num (+ (* reversed-num 10) (mod num 10)))
            (setq num (/ num 10)))
      (= reversed-num original)))
  
  (let ((max-palindrom 0)
        (x 1000)
        (y 1000)
        (is-pal 0))
    (loop while (and (!= x 10) (not is-pal))
          do (setq y 1000)
             (loop while (and (!= y 10) (not is-pal))
                   do (if (is-palindrom (* x y))
                          ((setq max-palindrom (* x y))
                           (setq is-pal 1)))
                      (setq y (- y 1)))
          (setq x (- x 1)))
    (print max-palindrom))
in_stdin: |-
  1
null_terminated_in: 0
char_io: 0
out_code_hex: |-
  0     - 2FFF00002328 - MOV R15, 9000
  6     - 2FDD00000BB8 - MOV R13, 3000
  12    - 0BFF00000010 - SUB R15, 16
  18    - 2F0000000000 - MOV R0, 0
  24    - 2F1100000000 - MOV R1, 0
  30    - C10F0000     - STORE R0, [R15 + 0]
  34    - 2F00000003E8 - MOV R0, 1000
  40    - 2F1100000000 - MOV R1, 0
  46    - C10F0004     - STORE R0, [R15 + 4]
  50    - 2F00000003E8 - MOV R0, 1000
  56    - 2F1100000000 - MOV R1, 0
  62    - C10F0008     - STORE R0, [R15 + 8]
  66    - 2F0000000000 - MOV R0, 0
  72    - 2F1100000000 - MOV R1, 0
  78    - C10F000C     - STORE R0, [R15 + 12]
  82    - 0BFF00000004 - SUB R15, 4
  88    - C17F0000     - STORE R7, [R15 + 0]
  92    - 0BFF00000004 - SUB R15, 4
  98    - C17F0000     - STORE R7, [R15 + 0]
  102   - 2D2F000C     - MOV R2, [R15 + 12]
  106   - 2C72         - MOV R7, R2
  108   - 2F220000000A - MOV R2, 10
  114   - 2F1100000000 - MOV R1, 0
  120   - 2872         - CMP R7, R2
  122   - 3A77000E     - BE PC + 14
  126   - 2F3300000001 - MOV R3, 1
  132   - 5633000A     - JMP PC + 10
  136   - 2F3300000000 - MOV R3, 0
  142   - 2D7F0000     - MOV R7, [R15 + 0]
  146   - 07FF00000004 - ADD R15, 4
  152   - 2C73         - MOV R7, R3
  154   - 2D2F0010     - MOV R2, [R15 + 16]
  158   - 2422         - NOT R2, R2
  160   - 1B2200000001 - AND R2, 1
  166   - 1872         - AND R7, R2
  168   - 2C07         - MOV R0, R7
  170   - 2D7F0000     - MOV R7, [R15 + 0]
  174   - 07FF00000004 - ADD R15, 4
  180   - 2B0000000000 - CMP R0, 0
  186   - 3A00017A     - BE PC + 378
  190   - 2F00000003E8 - MOV R0, 1000
  196   - 2F1100000000 - MOV R1, 0
  202   - C10F0008     - STORE R0, [R15 + 8]
  206   - 0BFF00000004 - SUB R15, 4
  212   - C17F0000     - STORE R7, [R15 + 0]
  216   - 0BFF00000004 - SUB R15, 4
  222   - C17F0000     - STORE R7, [R15 + 0]
  226   - 2D2F0010     - MOV R2, [R15 + 16]
  230   - 2C72         - MOV R7, R2
  232   - 2F220000000A - MOV R2, 10
  238   - 2F1100000000 - MOV R1, 0
  244   - 2872         - CMP R7, R2
  246   - 3A77000E     - BE PC + 14
  250   - 2F3300000001 - MOV R3, 1
  256   - 5633000A     - JMP PC + 10
  260   - 2F3300000000 - MOV R3, 0
  266   - 2D7F0000     - MOV R7, [R15 + 0]
  270   - 07FF00000004 - ADD R15, 4
  276   - 2C73         - MOV R7, R3
  278   - 2D2F0010     - MOV R2, [R15 + 16]
  282   - 2422         - NOT R2, R2
  284   - 1B2200000001 - AND R2, 1
  290   - 1872         - AND R7, R2
  292   - 2C07         - MOV R0, R7
  294   - 2D7F0000     - MOV R7, [R15 + 0]
  298   - 07FF00000004 - ADD R15, 4
  304   - 2B0000000000 - CMP R0, 0
  310   - 3A0000CC     - BE PC + 204
  314   - 0BFF00000004 - SUB R15, 4
  320   - C1EF0000     - STORE R14, [R15 + 0]
  324   - 0BFF00000004 - SUB R15, 4
  330   - C17F0000     - STORE R7, [R15 + 0]
  334   - 2D3F000C     - MOV R3, [R15 + 12]
  338   - 2C73         - MOV R7, R3
  340   - 2D2F0010     - MOV R2, [R15 + 16]
  344   - 0C72         - MUL R7, R2
  346   - 2C37         - MOV R3, R7
  348   - 2D7F0000     - MOV R7, [R15 + 0]
  352   - 07FF00000004 - ADD R15, 4
  358   - 0BFF00000004 - SUB R15, 4
  364   - C13F0000     - STORE R3, [R15 + 0]
  368   - 2F2200000001 - MOV R2, 1
  374   - 33EE000003FC - CALL R14, 1020
  380   - 07FF00000004 - ADD R15, 4
  386   - 2DEF0000     - MOV R14, [R15 + 0]
  390   - 07FF00000004 - ADD R15, 4
  396   - 2B0000000000 - CMP R0, 0
  402   - 3A00003E     - BE PC + 62
  406   - 0BFF00000004 - SUB R15, 4
  412   - C17F0000     - STORE R7, [R15 + 0]
  416   - 2D3F0008     - MOV R3, [R15 + 8]
  420   - 2C73         - MOV R7, R3
  422   - 2D2F000C     - MOV R2, [R15 + 12]
  426   - 0C72         - MUL R7, R2
  428   - 2C07         - MOV R0, R7
  430   - 2D7F0000     - MOV R7, [R15 + 0]
  434   - 07FF00000004 - ADD R15, 4
  440   - C10F0000     - STORE R0, [R15 + 0]
  444   - 2F0000000001 - MOV R0, 1
  450   - 2F1100000000 - MOV R1, 0
  456   - C10F000C     - STORE R0, [R15 + 12]
  460   - 56000004     - JMP PC + 4
  464   - 0BFF00000004 - SUB R15, 4
  470   - C17F0000     - STORE R7, [R15 + 0]
  474   - 2D3F000C     - MOV R3, [R15 + 12]
  478   - 2C73         - MOV R7, R3
  480   - 2F2200000001 - MOV R2, 1
  486   - 2F1100000000 - MOV R1, 0
  492   - 0872         - SUB R7, R2
  494   - 2C07         - MOV R0, R7
  496   - 2D7F0000     - MOV R7, [R15 + 0]
  500   - 07FF00000004 - ADD R15, 4
  506   - C10F0008     - STORE R0, [R15 + 8]
  510   - 5600FED0     - JMP PC + -304
  514   - 0BFF00000004 - SUB R15, 4
  520   - C17F0000     - STORE R7, [R15 + 0]
  524   - 2D3F0008     - MOV R3, [R15 + 8]
  528   - 2C73         - MOV R7, R3
  530   - 2F2200000001 - MOV R2, 1
  536   - 2F1100000000 - MOV R1, 0
  542   - 0872         - SUB R7, R2
  544   - 2C07         - MOV R0, R7
  546   - 2D7F0000     - MOV R7, [R15 + 0]
  550   - 07FF00000004 - ADD R15, 4
  556   - C10F0004     - STORE R0, [R15 + 4]
  560   - 5600FE22     - JMP PC + -478
  564   - 0BFF00000004 - SUB R15, 4
  570   - C1EF0000     - STORE R14, [R15 + 0]
  574   - 2D3F0004     - MOV R3, [R15 + 4]
  578   - 0BFF00000004 - SUB R15, 4
  584   - C13F0000     - STORE R3, [R15 + 0]
  588   - 2F2200000001 - MOV R2, 1
  594   - 33EE00000270 - CALL R14, 624
  600   - 07FF00000004 - ADD R15, 4
  606   - 2DEF0000     - MOV R14, [R15 + 0]
  610   - 07FF00000004 - ADD R15, 4
  616   - 07FF00000010 - ADD R15, 16
  622   - 0000         - HALT R0, R0
  624   - 2D3F0000     - MOV R3, [R15 + 0]
  628   - 2B1100000000 - CMP R1, 0
  634   - 3E33000E     - BNE PC + 14
  638   - 5B3300010000 - STORE_IMM R3, 65536
  644   - 56330022     - JMP PC + 34
  648   - 2D230000     - MOV R2, [R3 + 0]
  652   - 2B2200000000 - CMP R2, 0
  658   - 3A330014     - BE PC + 20
  662   - 5B2200010000 - STORE_IMM R2, 65536
  668   - 073300000004 - ADD R3, 4
  674   - 5633FFE6     - JMP PC + -26
  678   - 34EE         - RET R14, R14
  680   - 2C0D         - MOV R0, R13
  682   - 2D3F0000     - MOV R3, [R15 + 0]
  686   - 2D230000     - MOV R2, [R3 + 0]
  690   - 2B2200000000 - CMP R2, 0
  696   - 3A330018     - BE PC + 24
  700   - C12D0000     - STORE R2, [R13 + 0]
  704   - 073300000004 - ADD R3, 4
  710   - 07DD00000004 - ADD R13, 4
  716   - 5633FFE2     - JMP PC + -30
  720   - 2D3F0004     - MOV R3, [R15 + 4]
  724   - 2D230000     - MOV R2, [R3 + 0]
  728   - 2B2200000000 - CMP R2, 0
  734   - 3A330018     - BE PC + 24
  738   - C12D0000     - STORE R2, [R13 + 0]
  742   - 073300000004 - ADD R3, 4
  748   - 07DD00000004 - ADD R13, 4
  754   - 5633FFE2     - JMP PC + -30
  758   - C12D0000     - STORE R2, [R13 + 0]
  762   - 07DD00000004 - ADD R13, 4
  768   - 34EE         - RET R14, R14
  770   - 2C0D         - MOV R0, R13
  772   - 2C42         - MOV R4, R2
  774   - 2C3F         - MOV R3, R15
  776   - 2B4400000000 - CMP R4, 0
  782   - 3A440026     - BE PC + 38
  786   - 2D530000     - MOV R5, [R3 + 0]
  790   - C15D0000     - STORE R5, [R13 + 0]
  794   - 07DD00000008 - ADD R13, 8
  800   - C1DDFFFC     - STORE R13, [R13 + -4]
  804   - 073300000004 - ADD R3, 4
  810   - 0B4400000001 - SUB R4, 1
  816   - 5644FFD8     - JMP PC + -40
  820   - 2F5500000000 - MOV R5, 0
  826   - C15DFFFC     - STORE R5, [R13 + -4]
  830   - 34EE         - RET R14, R14
  832   - 2D0F0000     - MOV R0, [R15 + 0]
  836   - 2D000000     - MOV R0, [R0 + 0]
  840   - 2F1100000000 - MOV R1, 0
  846   - 34EE         - RET R14, R14
  848   - 2D0F0000     - MOV R0, [R15 + 0]
  852   - 2D000004     - MOV R0, [R0 + 4]
  856   - 34EE         - RET R14, R14
  858   - 2D0F0000     - MOV R0, [R15 + 0]
  862   - 2B0000000000 - CMP R0, 0
  868   - 2F0000000000 - MOV R0, 0
  874   - 3E00000A     - BNE PC + 10
  878   - 2F0000000001 - MOV R0, 1
  884   - 34EE         - RET R14, R14
  886   - 2D2F0000     - MOV R2, [R15 + 0]
  890   - 2D3F0004     - MOV R3, [R15 + 4]
  894   - C12D0000     - STORE R2, [R13 + 0]
  898   - C13D0004     - STORE R3, [R13 + 4]
  902   - 2C0D         - MOV R0, R13
  904   - 07DD00000008 - ADD R13, 8
  910   - 34EE         - RET R14, R14
  912   - 2F1100000000 - MOV R1, 0
  918   - 2D2F0000     - MOV R2, [R15 + 0]
  922   - 2B2200000000 - CMP R2, 0
  928   - 3A000014     - BE PC + 20
  932   - 2D320004     - MOV R3, [R2 + 4]
  936   - C1120004     - STORE R1, [R2 + 4]
  940   - 2C12         - MOV R1, R2
  942   - 2C23         - MOV R2, R3
  944   - 5600FFEA     - JMP PC + -22
  948   - 2C01         - MOV R0, R1
  950   - 2F1100000000 - MOV R1, 0
  956   - 34EE         - RET R14, R14
  958   - 2F2200009996 - MOV R2, 39318
  964   - 2D020000     - MOV R0, [R2 + 0]
  968   - 2F1100000000 - MOV R1, 0
  974   - 34EE         - RET R14, R14
  976   - 2C0D         - MOV R0, R13
  978   - 2F2200009996 - MOV R2, 39318
  984   - 2D320000     - MOV R3, [R2 + 0]
  988   - C13D0000     - STORE R3, [R13 + 0]
  992   - 07DD00000004 - ADD R13, 4
  998   - 2B3300000000 - CMP R3, 0
  1004  - 3A330008     - BE PC + 8
  1008  - 5633FFE8     - JMP PC + -24
  1012  - 2F1100000001 - MOV R1, 1
  1018  - 34EE         - RET R14, R14
  1020  - 0BFF00000008 - SUB R15, 8
  1026  - 2F0000000000 - MOV R0, 0
  1032  - 2F1100000000 - MOV R1, 0
  1038  - C10F0000     - STORE R0, [R15 + 0]
  1042  - 2D0F0008     - MOV R0, [R15 + 8]
  1046  - C10F0004     - STORE R0, [R15 + 4]
  1050  - 0BFF00000004 - SUB R15, 4
  1056  - C17F0000     - STORE R7, [R15 + 0]
  1060  - 2D2F000C     - MOV R2, [R15 + 12]
  1064  - 2C72         - MOV R7, R2
  1066  - 2F2200000000 - MOV R2, 0
  1072  - 2F1100000000 - MOV R1, 0
  1078  - 2872         - CMP R7, R2
  1080  - 3A77000E     - BE PC + 14
  1084  - 2F0000000001 - MOV R0, 1
  1090  - 5600000A     - JMP PC + 10
  1094  - 2F0000000000 - MOV R0, 0
  1100  - 2D7F0000     - MOV R7, [R15 + 0]
  1104  - 07FF00000004 - ADD R15, 4
  1110  - 2B0000000000 - CMP R0, 0
  1116  - 3A0000A8     - BE PC + 168
  1120  - 0BFF00000004 - SUB R15, 4
  1126  - C17F0000     - STORE R7, [R15 + 0]
  1130  - 0BFF00000004 - SUB R15, 4
  1136  - C17F0000     - STORE R7, [R15 + 0]
  1140  - 2D3F0008     - MOV R3, [R15 + 8]
  1144  - 2C73         - MOV R7, R3
  1146  - 2F220000000A - MOV R2, 10
  1152  - 2F1100000000 - MOV R1, 0
  1158  - 0C72         - MUL R7, R2
  1160  - 2C37         - MOV R3, R7
  1162  - 2D7F0000     - MOV R7, [R15 + 0]
  1166  - 07FF00000004 - ADD R15, 4
  1172  - 2C73         - MOV R7, R3
  1174  - 0BFF00000004 - SUB R15, 4
  1180  - C17F0000     - STORE R7, [R15 + 0]
  1184  - 2D3F0010     - MOV R3, [R15 + 16]
  1188  - 2C73         - MOV R7, R3
  1190  - 2F220000000A - MOV R2, 10
  1196  - 2F1100000000 - MOV R1, 0
  1202  - 1472         - RMD R7, R2
  1204  - 2C27         - MOV R2, R7
  1206  - 2D7F0000     - MOV R7, [R15 + 0]
  1210  - 07FF00000004 - ADD R15, 4
  1216  - 0472         - ADD R7, R2
  1218  - 2C07         - MOV R0, R7
  1220  - 2D7F0000     - MOV R7, [R15 + 0]
  1224  - 07FF00000004 - ADD R15, 4
  1230  - C10F0000     - STORE R0, [R15 + 0]
  1234  - 0BFF00000004 - SUB R15, 4
  1240  - C17F0000     - STORE R7, [R15 + 0]
  1244  - 2D3F000C     - MOV R3, [R15 + 12]
  1248  - 2C73         - MOV R7, R3
  1250  - 2F220000000A - MOV R2, 10
  1256  - 2F1100000000 - MOV R1, 0
  1262  - 1072         - DIV R7, R2
  1264  - 2C07         - MOV R0, R7
  1266  - 2D7F0000     - MOV R7, [R15 + 0]
  1270  - 07FF00000004 - ADD R15, 4
  1276  - C10F0008     - STORE R0, [R15 + 8]
  1280  - 5600FF1A     - JMP PC + -230
  1284  - 0BFF00000004 - SUB R15, 4
  1290  - C17F0000     - STORE R7, [R15 + 0]
  1294  - 2D2F0004     - MOV R2, [R15 + 4]
  1298  - 2C72         - MOV R7, R2
  1300  - 2D2F0008     - MOV R2, [R15 + 8]
  1304  - 2872         - CMP R7, R2
  1306  - 3E77000E     - BNE PC + 14
  1310  - 2F0000000001 - MOV R0, 1
  1316  - 5600000A     - JMP PC + 10
  1320  - 2F0000000000 - MOV R0, 0
  1326  - 2D7F0000     - MOV R7, [R15 + 0]
  1330  - 07FF00000004 - ADD R15, 4
  1336  - 07FF00000008 - ADD R15, 8
  1342  - 34EE         - RET R14, R14
out_stdout: |
  instructions: 306
  ============================================================
  90909
  ticks: 5515777
out_log: |
  DEBUG   machine:simulation    TICK:   0 PC:   0 REG1:      REG2:       R15_VAL:    0 R14_VAL:    0 AR:    0 DR:     0
  DEBUG   machine:simulation    TICK:   1 PC:   0 REG1:      REG2:       R15_VAL:    0 R14_VAL:    0 AR:    0 DR:     0
  DEBUG   machine:simulation    TICK:   2 PC:   0 REG1:      REG2:       R15_VAL:    0 R14_VAL:    0 AR:    0 DR:     0
  DEBUG   machine:simulation    TICK:   3  PC:   0  REG1:R15    REG1_VAL:    0  REG2:R15    REG2_VAL:    0  R15_VAL:     0 R14_VAL:    0 AR:    0 DR:     0 MOV R15, VAL
  DEBUG   machine:simulation    TICK:   4  PC:   2  REG1:R15    REG1_VAL:    0  REG2:R15    REG2_VAL:    0  R15_VAL:     0 R14_VAL:    0 AR:    0 DR:     0 MOV R15, VAL
  DEBUG   machine:simulation    TICK:   5  PC:   2  REG1:R15    REG1_VAL:    0  REG2:R15    REG2_VAL:    0  R15_VAL:     0 R14_VAL:    0 AR:    2 DR:     0 MOV R15, VAL
  DEBUG   machine:simulation    TICK:   6  PC:   2  REG1:R15    REG1_VAL:    0  REG2:R15    REG2_VAL:    0  R15_VAL:     0 R14_VAL:    0 AR:    2 DR:  9000 MOV R15, VAL
  DEBUG   machine:simulation    TICK:   7  PC:   6  REG1:R15    REG1_VAL:    0  REG2:R15    REG2_VAL:    0  R15_VAL:     0 R14_VAL:    0 AR:    2 DR:  9000 MOV R15, VAL
  DEBUG   machine:simulation    TICK:   8  PC:   6  REG1:R15    REG1_VAL: 9000  REG2:R15    REG2_VAL: 9000  R15_VAL:  9000 R14_VAL:    0 AR:    2 DR:  9000 MOV R15, VAL
  DEBUG   machine:simulation    TICK:   9  PC:   6  REG1:R15    REG1_VAL: 9000  REG2:R15    REG2_VAL: 9000  R15_VAL:  9000 R14_VAL:    0 AR:    6 DR:  9000 MOV R15, VAL
  DEBUG   machine:simulation    TICK:  10  PC:   6  REG1:R15    REG1_VAL: 9000  REG2:R15    REG2_VAL: 9000  R15_VAL:  9000 R14_VAL:    0 AR:    6 DR:     0 MOV R13, VAL
  DEBUG   machine:simulation    TICK:  11  PC:   6  REG1:R13    REG1_VAL:    0  REG2:R13    REG2_VAL:    0  R15_VAL:  9000 R14_VAL:    0 AR:    6 DR:     0 MOV R13, VAL
  DEBUG   machine:simulation    TICK:  12  PC:   8  REG1:R13    REG1_VAL:    0  REG2:R13    REG2_VAL:    0  R15_VAL:  9000 R14_VAL:    0 AR:    6 DR:     0 MOV R13, VAL
  DEBUG   machine:simulation    TICK:  13  PC:   8  REG1:R13    REG1_VAL:    0  REG2:R13    REG2_VAL:    0  R15_VAL:  9000 R14_VAL:    0 AR:    8 DR:     0 MOV R13, VAL
  DEBUG   machine:simulation    TICK:  14  PC:   8  REG1:R13    REG1_VAL:    0  REG2:R13    REG2_VAL:    0  R15_VAL:  9000 R14_VAL:    0 AR:    8 DR:  3000 MOV R13, VAL
  DEBUG   machine:simulation    TICK:  15  PC:  12  REG1:R13    REG1_VAL:    0  REG2:R13    REG2_VAL:    0  R15_VAL:  9000 R14_VAL:    0 AR:    8 DR:  3000 MOV R13, VAL
  DEBUG   machine:simulation    TICK:  16  PC:  12  REG1:R13    REG1_VAL: 3000  REG2:R13    REG2_VAL: 3000  R15_VAL:  9000 R14_VAL:    0 AR:    8 DR:  3000 MOV R13, VAL
  DEBUG   machine:simulation    TICK:  17  PC:  12  REG1:R13    REG1_VAL: 3000  REG2:R13    REG2_VAL: 3000  R15_VAL:  9000 R14_VAL:    0 AR:   12 DR:  3000 MOV R13, VAL
  DEBUG   machine:simulation    TICK:  18  PC:  12  REG1:R13    REG1_VAL: 3000  REG2:R13    REG2_VAL: 3000  R15_VAL:  9000 R14_VAL:    0 AR:   12 DR:     0 SUB R15, VAL
  DEBUG   machine:simulation    TICK:  19  PC:  12  REG1:R15    REG1_VAL: 9000  REG2:R15    REG2_VAL: 9000  R15_VAL:  9000 R14_VAL:    0 AR:   12 DR:     0 SUB R15, VAL
  DEBUG   machine:simulation    TICK:  20  PC:  14  REG1:R15    REG1_VAL: 9000  REG2:R15    REG2_VAL: 9000  R15_VAL:  9000 R14_VAL:    0 AR:   12 DR:     0 SUB R15, VAL
  DEBUG   machine:simulation    TICK:  21  PC:  14  REG1:R15    REG1_VAL: 9000  REG2:R15    REG2_VAL: 9000  R15_VAL:  9000 R14_VAL:    0 AR:   14 DR:     0 SUB R15, VAL
  DEBUG   machine:simulation    TICK:  22  PC:  14  REG1:R15    REG1_VAL: 9000  REG2:R15    REG2_VAL: 9000  R15_VAL:  9000 R14_VAL:    0 AR:   14 DR:    16 SUB R15, VAL
  DEBUG   machine:simulation    TICK:  23  PC:  18  REG1:R15    REG1_VAL: 9000  REG2:R15    REG2_VAL: 9000  R15_VAL:  9000 R14_VAL:    0 AR:   14 DR:    16 SUB R15, VAL
  DEBUG   machine:simulation    TICK:  24  PC:  18  REG1:R15    REG1_VAL: 9000  REG2:R15    REG2_VAL: 9000  R15_VAL:  9000 R14_VAL:    0 AR:   14 DR:    16 SUB R15, VAL
  DEBUG   machine:simulation    TICK:  25  PC:  18  REG1:R15    REG1_VAL: 8984  REG2:R15    REG2_VAL: 8984  R15_VAL:  8984 R14_VAL:    0 AR:   14 DR:    16 SUB R15, VAL
  DEBUG   machine:simulation    TICK:  26  PC:  18  REG1:R15    REG1_VAL: 8984  REG2:R15    REG2_VAL: 8984  R15_VAL:  8984 R14_VAL:    0 AR:   18 DR:    16 SUB R15, VAL
  DEBUG   machine:simulation    TICK:  27  PC:  18  REG1:R15    REG1_VAL: 8984  REG2:R15    REG2_VAL: 8984  R15_VAL:  8984 R14_VAL:    0 AR:   18 DR:     0 MOV R0, VAL
  DEBUG   machine:simulation    TICK:  28  PC:  18  REG1:R0     REG1_VAL:    0  REG2:R0     REG2_VAL:    0  R15_VAL:  8984 R14_VAL:    0 AR:   18 DR:     0 MOV R0, VAL
  DEBUG   machine:simulation    TICK:  29  PC:  20  REG1:R0     REG1_VAL:    0  REG2:R0     REG2_VAL:    0  R15_VAL:  8984 R14_VAL:    0 AR:   18 DR:     0 MOV R0, VAL
  DEBUG   machine:simulation    TICK:  30  PC:  20  REG1:R0     REG1_VAL:    0  REG2:R0     REG2_VAL:    0  R15_VAL:  8984 R14_VAL:    0 AR:   20 DR:     0 MOV R0, VAL
  DEBUG   machine:simulation    TICK:  31  PC:  20  REG1:R0     REG1_VAL:    0  REG2:R0     REG2_VAL:    0  R15_VAL:  8984 R14_VAL:    0 AR:   20 DR:     0 MOV R0, VAL
  DEBUG   machine:simulation    TICK:  32  PC:  24  REG1:R0     REG1_VAL:    0  REG2:R0     REG2_VAL:    0  R15_VAL:  8984 R14_VAL:    0 AR:   20 DR:     0 MOV R0, VAL
  DEBUG   machine:simulation    TICK:  33  PC:  24  REG1:R0     REG1_VAL:    0  REG2:R0     REG2_VAL:    0  R15_VAL:  8984 R14_VAL:    0 AR:   20 DR:     0 MOV R0, VAL
  DEBUG   machine:simulation    TICK:  34  PC:  24  REG1:R0     REG1_VAL:    0  REG2:R0     REG2_VAL:    0  R15_VAL:  8984 R14_VAL:    0 AR:   24 DR:     0 MOV R0, VAL
  DEBUG   machine:simulation    TICK:  35  PC:  24  REG1:R0     REG1_VAL:    0  REG2:R0     REG2_VAL:    0  R15_VAL:  8984 R14_VAL:    0 AR:   24 DR:     0 MOV R1, VAL
  DEBUG   machine:simulation    TICK:  36  PC:  24  REG1:R1     REG1_VAL:    0  REG2:R1     REG2_VAL:    0  R15_VAL:  8984 R14_VAL:    0 AR:   24 DR:     0 MOV R1, VAL
  DEBUG   machine:simulation    TICK:  37  PC:  26  REG1:R1     REG1_VAL:    0  REG2:R1     REG2_VAL:    0  R15_VAL:  8984 R14_VAL:    0 AR:   24 DR:     0 MOV R1, VAL
  DEBUG   machine:simulation    TICK:  38  PC:  26  REG1:R1     REG1_VAL:    0  REG2:R1     REG2_VAL:    0  R15_VAL:  8984 R14_VAL:    0 AR:   26 DR:     0 MOV R1, VAL
  DEBUG   machine:simulation    TICK:  39  PC:  26  REG1:R1     REG1_VAL:    0  REG2:R1     REG2_VAL:    0  R15_VAL:  8984 R14_VAL:    0 AR:   26 DR:     0 MOV R1, VAL
  DEBUG   machine:simulation    TICK:  40  PC:  30  REG1:R1     REG1_VAL:    0  REG2:R1     REG2_VAL:    0  R15_VAL:  8984 R14_VAL:    0 AR:   26 DR:     0 MOV R1, VAL
  DEBUG   machine:simulation    TICK:  41  PC:  30  REG1:R1     REG1_VAL:    0  REG2:R1     REG2_VAL:    0  R15_VAL:  8984 R14_VAL:    0 AR:   26 DR:     0 MOV R1, VAL
  DEBUG   machine:simulation    TICK:  42  PC:  30  REG1:R1     REG1_VAL:    0  REG2:R1     REG2_VAL:    0  R15_VAL:  8984 R14_VAL:    0 AR:   30 DR:     0 MOV R1, VAL
  DEBUG   machine:simulation    TICK:  43  PC:  30  REG1:R1     REG1_VAL:    0  REG2:R1     REG2_VAL:    0  R15_VAL:  8984 R14_VAL:    0 AR:   30 DR:     0 STORE R0, [R15 + 0]
  DEBUG   machine:simulation    TICK:  44  PC:  30  REG1:R0     REG1_VAL:    0  REG2:R15    REG2_VAL: 8984  R15_VAL:  8984 R14_VAL:    0 AR:   30 DR:     0 STORE R0, [R15 + 0]
  DEBUG   machine:simulation    TICK:  45  PC:  34  REG1:R0     REG1_VAL:    0  REG2:R15    REG2_VAL: 8984  R15_VAL:  8984 R14_VAL:    0 AR:   30 DR:     0 STORE R0, [R15 + 0]
  DEBUG   machine:simulation    TICK:  46  PC:  34  REG1:R0     REG1_VAL:    0  REG2:R15    REG2_VAL: 8984  R15_VAL:  8984 R14_VAL:    0 AR: 8984 DR:     0 STORE R0, [R15 + 0]
  DEBUG   machine:simulation    TICK:  47  PC:  34  REG1:R0     REG1_VAL:    0  REG2:R15    REG2_VAL: 8984  R15_VAL:  8984 R14_VAL:    0 AR: 8984 DR:     0 STORE R0, [R15 + 0]
  DEBUG   machine:simulation    TICK:  48  PC:  34  REG1:R0     REG1_VAL:    0  REG2:R15    REG2_VAL: 8984  R15_VAL:  8984 R14_VAL:    0 AR:   34 DR:     0 STORE R0, [R15 + 0]
  DEBUG   machine:simulation    TICK:  49  PC:  34  REG1:R0     REG1_VAL:    0  REG2:R15    REG2_VAL: 8984  R15_VAL:  8984 R14_VAL:    0 AR:   34 DR:     0 MOV R0, VAL
  DEBUG   machine:simulation    TICK:  50  PC:  34  REG1:R0     REG1_VAL:    0  REG2:R0     REG2_VAL:    0  R15_VAL:  8984 R14_VAL:    0 AR:   34 DR:     0 MOV R0, VAL
  DEBUG   machine:simulation    TICK:  51  PC:  36  REG1:R0     REG1_VAL:    0  REG2:R0     REG2_VAL:    0  R15_VAL:  8984 R14_VAL:    0 AR:   34 DR:     0 MOV R0, VAL
  DEBUG   machine:simulation    TICK:  52  PC:  36  REG1:R0     REG1_VAL:    0  REG2:R0     REG2_VAL:    0  R15_VAL:  8984 R14_VAL:    0 AR:   36 DR:     0 MOV R0, VAL
  DEBUG   machine:simulation    TICK:  53  PC:  36  REG1:R0     REG1_VAL:    0  REG2:R0     REG2_VAL:    0  R15_VAL:  8984 R14_VAL:    0 AR:   36 DR:  1000 MOV R0, VAL
  DEBUG   machine:simulation    TICK:  54  PC:  40  REG1:R0     REG1_VAL:    0  REG2:R0     REG2_VAL:    0  R15_VAL:  8984 R14_VAL:    0 AR:   36 DR:  1000 MOV R0, VAL
  DEBUG   machine:simulation    TICK:  55  PC:  40  REG1:R0     REG1_VAL: 1000  REG2:R0     REG2_VAL: 1000  R15_VAL:  8984 R14_VAL:    0 AR:   36 DR:  1000 MOV R0, VAL
  DEBUG   machine:simulation    TICK:  56  PC:  40  REG1:R0     REG1_VAL: 1000  REG2:R0     REG2_VAL: 1000  R15_VAL:  8984 R14_VAL:    0 AR:   40 DR:  1000 MOV R0, VAL
  DEBUG   machine:simulation    TICK:  57  PC:  40  REG1:R0     REG1_VAL: 1000  REG2:R0     REG2_VAL: 1000  R15_VAL:  8984 R14_VAL:    0 AR:   40 DR:     0 MOV R1, VAL
  DEBUG   machine:simulation    TICK:  58  PC:  40  REG1:R1     REG1_VAL:    0  REG2:R1     REG2_VAL:    0  R15_VAL:  8984 R14_VAL:    0 AR:   40 DR:     0 MOV R1, VAL
  DEBUG   machine:simulation    TICK:  59  PC:  42  REG1:R1     REG1_VAL:    0  REG2:R1     REG2_VAL:    0  R15_VAL:  8984 R14_VAL:    0 AR:   40 DR:     0 MOV R1, VAL
  DEBUG   machine:simulation    TICK:  60  PC:  42  REG1:R1     REG1_VAL:    0  REG2:R1     REG2_VAL:    0  R15_VAL:  8984 R14_VAL:    0 AR:   42 DR:     0 MOV R1, VAL
  DEBUG   machine:simulation    TICK:  61  PC:  42  REG1:R1     REG1_VAL:    0  REG2:R1     REG2_VAL:    0  R15_VAL:  8984 R14_VAL:    0 AR:   42 DR:     0 MOV R1, VAL
  DEBUG   machine:simulation    TICK:  62  PC:  46  REG1:R1     REG1_VAL:    0  REG2:R1     REG2_VAL:    0  R15_VAL:  8984 R14_VAL:    0 AR:   42 DR:     0 MOV R1, VAL
  DEBUG   machine:simulation    TICK:  63  PC:  46  REG1:R1     REG1_VAL:    0  REG2:R1     REG2_VAL:    0  R15_VAL:  8984 R14_VAL:    0 AR:   42 DR:     0 MOV R1, VAL
  DEBUG   machine:simulation    TICK:  64  PC:  46  REG1:R1     REG1_VAL:    0  REG2:R1     REG2_VAL:    0  R15_VAL:  8984 R14_VAL:    0 AR:   46 DR:     0 MOV R1, VAL
  DEBUG   machine:simulation    TICK:  65  PC:  46  REG1:R1     REG1_VAL:    0  REG2:R1     REG2_VAL:    0  R15_VAL:  8984 R14_VAL:    0 AR:   46 DR:     4 STORE R0, [R15 + 4]
  DEBUG   machine:simulation    TICK:  66  PC:  46  REG1:R0     REG1_VAL: 1000  REG2:R15    REG2_VAL: 8984  R15_VAL:  8984 R14_VAL:    0 AR:   46 DR:     4 STORE R0, [R15 + 4]
  DEBUG   machine:simulation    TICK:  67  PC:  50  REG1:R0     REG1_VAL: 1000  REG2:R15    REG2_VAL: 8984  R15_VAL:  8984 R14_VAL:    0 AR:   46 DR:     4 STORE R0, [R15 + 4]
  DEBUG   machine:simulation    TICK:  68  PC:  50  REG1:R0     REG1_VAL: 1000  REG2:R15    REG2_VAL: 8984  R15_VAL:  8984 R14_VAL:    0 AR: 8988 DR:     4 STORE R0, [R15 + 4]
  DEBUG   machine:simulation    TICK:  69  PC:  50  REG1:R0     REG1_VAL: 1000  REG2:R15    REG2_VAL: 8984  R15_VAL:  8984 R14_VAL:    0 AR: 8988 DR:     4 STORE R0, [R15 + 4]
  DEBUG   machine:simulation    TICK:  70  PC:  50  REG1:R0     REG1_VAL: 1000  REG2:R15    REG2_VAL: 8984  R15_VAL:  8984 R14_VAL:    0 AR:   50 DR:     4 STORE R0, [R15 + 4]
  DEBUG   machine:simulation    TICK:  71  PC:  50  REG1:R0     REG1_VAL: 1000  REG2:R15    REG2_VAL: 8984  R15_VAL:  8984 R14_VAL:    0 AR:   50 DR:     0 MOV R0, VAL
  DEBUG   machine:simulation    TICK:  72  PC:  50  REG1:R0     REG1_VAL: 1000  REG2:R0     REG2_VAL: 1000  R15_VAL:  8984 R14_VAL:    0 AR:   50 DR:     0 MOV R0, VAL
  DEBUG   machine:simulation    TICK:  73  PC:  52  REG1:R0     REG1_VAL: 1000  REG2:R0     REG2_VAL: 1000  R15_VAL:  8984 R14_VAL:    0 AR:   50 DR:     0 MOV R0, VAL
  DEBUG   machine:simulation    TICK:  74  PC:  52  REG1:R0     REG1_VAL: 1000  REG2:R0     REG2_VAL: 1000  R15_VAL:  8984 R14_VAL:    0 AR:   52 DR:     0 MOV R0, VAL
  DEBUG   machine:simulation    TICK:  75  PC:  52  REG1:R0     REG1_VAL: 1000  REG2:R0     REG2_VAL: 1000  R15_VAL:  8984 R14_VAL:    0 AR:   52 DR:  1000 MOV R0, VAL
  DEBUG   machine:simulation    TICK:  76  PC:  56  REG1:R0     REG1_VAL: 1000  REG2:R0     REG2_VAL: 1000  R15_VAL:  8984 R14_VAL:    0 AR:   52 DR:  1000 MOV R0, VAL
  DEBUG   machine:simulation    TICK:  77  PC:  56  REG1:R0     REG1_VAL: 1000  REG2:R0     REG2_VAL: 1000  R15_VAL:  8984 R14_VAL:    0 AR:   52 DR:  1000 MOV R0, VAL
  DEBUG   machine:simulation    TICK:  78  PC:  56  REG1:R0     REG1_VAL: 1000  REG2:R0     REG2_VAL: 1000  R15_VAL:  8984 R14_VAL:    0 AR:   56 DR:  1000 MOV R0, VAL
  DEBUG   machine:simulation    TICK:  79  PC:  56  REG1:R0     REG1_VAL: 1000  REG2:R0     REG2_VAL: 1000  R15_VAL:  8984 R14_VAL:    0 AR:   56 DR:     0 MOV R1, VAL
  DEBUG   machine:simulation    TICK:  80  PC:  56  REG1:R1     REG1_VAL:    0  REG2:R1     REG2_VAL:    0  R15_VAL:  8984 R14_VAL:    0 AR:   56 DR:     0 MOV R1, VAL
  DEBUG   machine:simulation    TICK:  81  PC:  58  REG1:R1     REG1_VAL:    0  REG2:R1     REG2_VAL:    0  R15_VAL:  8984 R14_VAL:    0 AR:   56 DR:     0 MOV R1, VAL
  DEBUG   machine:simulation    TICK:  82  PC:  58  REG1:R1     REG1_VAL:    0  REG2:R1     REG2_VAL:    0  R15_VAL:  8984 R14_VAL:    0 AR:   58 DR:     0 MOV R1, VAL
  DEBUG   machine:simulation    TICK:  83  PC:  58  REG1:R1     REG1_VAL:    0  REG2:R1     REG2_VAL:    0  R15_VAL:  8984 R14_VAL:    0 AR:   58 DR:     0 MOV R1, VAL
  DEBUG   machine:simulation    TICK:  84  PC:  62  REG1:R1     REG1_VAL:    0  REG2:R1     REG2_VAL:    0  R15_VAL:  8984 R14_VAL:    0 AR:   58 DR:     0 MOV R1, VAL
  DEBUG   machine:simulation    TICK:  85  PC:  62  REG1:R1     REG1_VAL:    0  REG2:R1     REG2_VAL:    0  R15_VAL:  8984 R14_VAL:    0 AR:   58 DR:     0 MOV R1, VAL
  DEBUG   machine:simulation    TICK:  86  PC:  62  REG1:R1     REG1_VAL:    0  REG2:R1     REG2_VAL:    0  R15_VAL:  8984 R14_VAL:    0 AR:   62 DR:     0 MOV R1, VAL
  DEBUG   machine:simulation    TICK:  87  PC:  62  REG1:R1     REG1_VAL:    0  REG2:R1     REG2_VAL:    0  R15_VAL:  8984 R14_VAL:    0 AR:   62 DR:     8 STORE R0, [R15 + 8]
  DEBUG   machine:simulation    TICK:  88  PC:  62  REG1:R0     REG1_VAL: 1000  REG2:R15    REG2_VAL: 8984  R15_VAL:  8984 R14_VAL:    0 AR:   62 DR:     8 STORE R0, [R15 + 8]
  DEBUG   machine:simulation    TICK:  89  PC:  66  REG1:R0     REG1_VAL: 1000  REG2:R15    REG2_VAL: 8984  R15_VAL:  8984 R14_VAL:    0 AR:   62 DR:     8 STORE R0, [R15 + 8]
  DEBUG   machine:simulation    TICK:  90  PC:  66  REG1:R0     REG1_VAL: 1000  REG2:R15    REG2_VAL: 8984  R15_VAL:  8984 R14_VAL:    0 AR: 8992 DR:     8 STORE R0, [R15 + 8]
  DEBUG   machine:simulation    TICK:  91  PC:  66  REG1:R0     REG1_VAL: 1000  REG2:R15    REG2_VAL: 8984  R15_VAL:  8984 R14_VAL:    0 AR: 8992 DR:     8 STORE R0, [R15 + 8]
  DEBUG   machine:simulation    TICK:  92  PC:  66  REG1:R0     REG1_VAL: 1000  REG2:R15    REG2_VAL: 8984  R15_VAL:  8984 R14_VAL:    0 AR:   66 DR:     8 STORE R0, [R15 + 8]
  DEBUG   machine:simulation    TICK:  93  PC:  66  REG1:R0     REG1_VAL: 1000  REG2:R15    REG2_VAL: 8984  R15_VAL:  8984 R14_VAL:    0 AR:   66 DR:     0 MOV R0, VAL
  DEBUG   machine:simulation    TICK:  94  PC:  66  REG1:R0     REG1_VAL: 1000  REG2:R0     REG2_VAL: 1000  R15_VAL:  8984 R14_VAL:    0 AR:   66 DR:     0 MOV R0, VAL
  DEBUG   machine:simulation    TICK:  95  PC:  68  REG1:R0     REG1_VAL: 1000  REG2:R0     REG2_VAL: 1000  R15_VAL:  8984 R14_VAL:    0 AR:   66 DR:     0 MOV R0, VAL
  DEBUG   machine:simulation    TICK:  96  PC:  68  REG1:R0     REG1_VAL: 1000  REG2:R0     REG2_VAL: 1000  R15_VAL:  8984 R14_VAL:    0 AR:   68 DR:     0 MOV R0, VAL
  DEBUG   machine:simulation    TICK:  97  PC:  68  REG1:R0     REG1_VAL: 1000  REG2:R0     REG2_VAL: 1000  R15_VAL:  8984 R14_VAL:    0 AR:   68 DR:     0 MOV R0, VAL
  DEBUG   machine:simulation    TICK:  98  PC:  72  REG1:R0     REG1_VAL: 1000  REG2:R0     REG2_VAL: 1000  R15_VAL:  8984 R14_VAL:    0 AR:   68 DR:     0 MOV R0, VAL
  DEBUG   machine:simulation    TICK:  99  PC:  72  REG1:R0     REG1_VAL:    0  REG2:R0     REG2_VAL:    0  R15_VAL:  8984 R14_VAL:    0 AR:   68 DR:     0 MOV R0, VAL
  DEBUG   machine:simulation    TICK: 100  PC:  72  REG1:R0     REG1_VAL:    0  REG2:R0     REG2_VAL:    0  R15_VAL:  8984 R14_VAL:    0 AR:   72 DR:     0 MOV R0, VAL
  INFO    machine:simulation    output_buffer: '[90909]'

